// Jest Snapshot v1, https://goo.gl/fbAQLP

exports[`MainDetailsProductScreen Se crea el snap 1`] = `
Array [
  <div
    className="screens_title_header"
  >
    <label
      className="screens_title_body_header"
    >
      Electronica &gt; audio &gt; video &gt; iphone
       
    </label>
  </div>,
  <div
    className="screens_component_div"
  />,
]
`;
